// Jest Snapshot v1, https://goo.gl/fbAQLP

exports[`renders correctly 1`] = `
<div
  className="home-page"
>
  <Form
    change={[Function]}
    submit={[Function]}
    value=""
  />
  <ResultHeader />
  <ol
    className="resultList"
  />
</div>
`;

exports[`renders correctly again 1`] = `
<div
  class="home-page"
>
  <form
    class="form"
  >
    <div
      class="MuiFormControl-root MuiTextField-root makeStyles-textField-1 MuiFormControl-marginNormal"
    >
      <label
        class="MuiFormLabel-root MuiInputLabel-root MuiInputLabel-formControl MuiInputLabel-animated"
        data-shrink="false"
        for="standard-with-placeholder"
        style="color:#ff680c"
      >
        Nazwa miasta
      </label>
      <div
        class="MuiInputBase-root MuiInput-root MuiInput-underline makeStyles-input-2 MuiInputBase-formControl MuiInput-formControl"
      >
        <input
          aria-invalid="false"
          class="MuiInputBase-input MuiInput-input"
          id="standard-with-placeholder"
          placeholder=""
          type="text"
          value=""
        />
      </div>
    </div>
    <button
      class="MuiButtonBase-root MuiButton-root makeStyles-addButton-3 MuiButton-contained"
      tabindex="0"
      type="button"
    >
      <span
        class="MuiButton-label"
      >
        Dodaj miasto
        <svg
          aria-hidden="true"
          class="MuiSvgIcon-root"
          focusable="false"
          role="presentation"
          style="margin-left:5px"
          viewBox="0 0 24 24"
        >
          <path
            d="M15.5 14h-.79l-.28-.27C15.41 12.59 16 11.11 16 9.5 16 5.91 13.09 3 9.5 3S3 5.91 3 9.5 5.91 16 9.5 16c1.61 0 3.09-.59 4.23-1.57l.27.28v.79l5 4.99L20.49 19l-4.99-5zm-6 0C7.01 14 5 11.99 5 9.5S7.01 5 9.5 5 14 7.01 14 9.5 11.99 14 9.5 14z"
          />
        </svg>
      </span>
    </button>
  </form>
  <div
    class="MuiPaper-root MuiPaper-elevation8 makeStyles-resultHeader-86 MuiPaper-rounded"
  >
    <span
      class="result-header__num"
    >
      #
    </span>
    <span
      class="result-header__city"
    >
      Nazwa miasta
    </span>
    <span
      class="result-header__temp"
    >
      Åšrednia prognozowana temperatura
    </span>
    <span
      class="result-header__delete"
    />
  </div>
  <ol
    class="resultList"
  />
</div>
`;
